// Jest Snapshot v1, https://goo.gl/fbAQLP

exports[`NotePageMain component renders a .NotePageMain by default 1`] = `
<section
  className="NotePageMain"
>
  <Note />
  <div
    className="NotePageMain__content"
  >
    <p
      key="0"
    />
  </div>
</section>
`;

exports[`NotePageMain component renders a Note with note prop 1`] = `
<Note
  id="cbc787a0-ffaf-11e8-8eb2-f2801f1b9fd1"
  modified="2019-01-03T00:00:00.000Z"
  name="Dogs"
/>
`;

exports[`NotePageMain component splits the content by \\n or \\n\\r, with a p foreach 1`] = `null`;

exports[`NotePageMain component splits the content by \\n or \\n\\r, with a p foreach 2`] = `null`;
